RAM Allocation [bytes]
Variable                                                                          Address   Size
------------------------------------------------------------------------------------------------
_base_y                                                                           0x0271       4
_seed                                                                             0x0275       4

EEPROM Allocation [bytes]
Variable                                                                          Address   Size
------------------------------------------------------------------------------------------------

Register Allocation
Variable                                                                          Register  Size
------------------------------------------------------------------------------------------------
_lcd_x                                                                            R5           1
_lcd_y                                                                            R4           1
_lcd_maxx                                                                         R7           1

FLASH Allocation [words]
Function                                                                          Address   Size
------------------------------------------------------------------------------------------------
lcd_out                                                                           0x00077     17
main                                                                              0x00088     79
rtc_init                                                                          0x000D7     25
rtc_get_time                                                                      0x000F0     25
rtc_get_date                                                                      0x00109     27
_lcd_write_nibble_G101                                                            0x00124     20
_lcd_write_data                                                                   0x00138     12
lcd_gotoxy                                                                        0x00144     13
lcd_clear                                                                         0x00151     12
lcd_putchar                                                                       0x0015D     21
lcd_puts                                                                          0x00172     17
lcd_init                                                                          0x00183     46
itoa                                                                              0x001B1     46
bcd2bin                                                                           0x001DF     13
