RAM Allocation [bytes]
Variable                                                                          Address   Size
------------------------------------------------------------------------------------------------

EEPROM Allocation [bytes]
Variable                                                                          Address   Size
------------------------------------------------------------------------------------------------

Register Allocation
Variable                                                                          Register  Size
------------------------------------------------------------------------------------------------
ch                                                                                R5           1
pos                                                                               R6,R7        2

FLASH Allocation [words]
Function                                                                          Address   Size
------------------------------------------------------------------------------------------------
bcdequ                                                                            0x0006C     52
timer0_ovf_isr                                                                    0x000A0     47
main                                                                              0x000CF     50
getchar                                                                           0x00101      4
